// Jest Snapshot v1, https://goo.gl/fbAQLP

exports[`passes 1`] = `"hello world"`;
